Test project /tmp/goblin-cannon-header-fix.LMJ2ay/build
    Start 11: goblin_cannon_channel_sample_support
1/2 Test #11: goblin_cannon_channel_sample_support ...***Failed    0.01 sec
demapper=AVX-512
simulated channel sample_support: samples_per_symbol=2 symbols=32 seed=3222383390
simulated channel sample_support: samples_per_symbol=2 symbols=33 seed=3222383390
sample_support: drained block withheld final symbol at 2.500000 samples/symbol

    Start 12: goblin_cannon_channel_profiles
2/2 Test #12: goblin_cannon_channel_profiles .........***Failed    0.44 sec
demapper=AVX-512
profiles: receiver did not validate header (training EVM=0.000000, CFO=0.000000 Hz)


0% tests passed, 2 tests failed out of 2

Label Time Summary:
assert               =   0.45 sec*proc (2 tests)
channel              =   0.45 sec*proc (2 tests)
quick                =   0.45 sec*proc (2 tests)
simulated_channel    =   0.45 sec*proc (2 tests)

Total Test time (real) =   0.45 sec

The following tests FAILED:
	 11 - goblin_cannon_channel_sample_support (Failed)     assert channel quick simulated_channel
	 12 - goblin_cannon_channel_profiles (Failed)           assert channel quick simulated_channel
Errors while running CTest
