[1/39] Generating generated/goblin_cannon/control/v1/receiver_control.pb.cc, generated/goblin_cannon/control/v1/receiver_control.grpc.pb.cc, generated/goblin_cannon/control/v1/receiver_control.pb.h, generated/goblin_cannon/control/v1/receiver_control.grpc.pb.h
[2/39] Building CXX object CMakeFiles/goblin_cannon.dir/src/crypto.cpp.o
[3/39] Building CXX object CMakeFiles/goblin_cannon.dir/src/demapper.cpp.o
[4/39] Building CXX object CMakeFiles/goblin_cannon.dir/src/integer_codec.cpp.o
[5/39] Building CXX object CMakeFiles/goblin_cannon.dir/src/constellation.cpp.o
[6/39] Building CXX object CMakeFiles/goblin_cannon.dir/src/market_data_shm.cpp.o
[7/39] Building CXX object CMakeFiles/goblin_cannon.dir/src/frame.cpp.o
[8/39] Building CXX object CMakeFiles/goblin_cannon.dir/src/io.cpp.o
[9/39] Building CXX object CMakeFiles/goblin_cannon.dir/src/modem.cpp.o
[10/39] Building CXX object CMakeFiles/goblin_cannon.dir/src/convolutional.cpp.o
[11/39] Building CXX object CMakeFiles/goblin_cannon.dir/src/quote_udp.cpp.o
[12/39] Building CXX object CMakeFiles/goblin_cannon.dir/src/accounting.cpp.o
[13/39] Building CXX object CMakeFiles/goblin_cannon.dir/src/demapper_avx2.cpp.o
[14/39] Building CXX object CMakeFiles/goblin_cannon.dir/src/client_udp.cpp.o
[15/39] Building CXX object CMakeFiles/goblin_cannon_stream_loopback.dir/examples/stream_loopback.cpp.o
[16/39] Building CXX object CMakeFiles/goblin_cannon.dir/src/demapper_avx512.cpp.o
[17/39] Building CXX object CMakeFiles/goblin_cannon.dir/src/message_stream.cpp.o
[18/39] Building CXX object CMakeFiles/goblin_cannon.dir/generated/goblin_cannon/control/v1/receiver_control.pb.cc.o
[19/39] Building CXX object CMakeFiles/goblin_cannon_local_node.dir/examples/local_node.cpp.o
[20/39] Building CXX object CMakeFiles/goblin_cannon.dir/src/rf_stream.cpp.o
[21/39] Building CXX object CMakeFiles/goblin_cannon_radio_sender.dir/examples/radio_sender.cpp.o
[22/39] Building CXX object CMakeFiles/goblin_cannon_recovery_tests.dir/tests/test_recovery.cpp.o
[23/39] Building CXX object CMakeFiles/goblin_cannon_data_path_tests.dir/tests/test_data_path.cpp.o
[24/39] Building CXX object CMakeFiles/goblin_cannon_channel_tests.dir/tests/test_channel.cpp.o
[25/39] Building CXX object CMakeFiles/goblin_cannon.dir/src/control_server.cpp.o
[26/39] Building CXX object CMakeFiles/goblin_cannon.dir/generated/goblin_cannon/control/v1/receiver_control.grpc.pb.cc.o
[27/39] Linking CXX static library libgoblin_cannon.a
[28/39] Linking CXX executable goblin_cannon_stream_loopback
[29/39] Linking CXX executable goblin_cannon_channel_tests
[30/39] Linking CXX executable goblin_cannon_data_path_tests
[31/39] Linking CXX executable goblin_cannon_recovery_tests
[32/39] Linking CXX executable goblin_cannon_radio_sender
[33/39] Linking CXX executable goblin_cannon_local_node
[34/39] Building CXX object CMakeFiles/goblin_cannon_radio_receiver.dir/examples/radio_receiver.cpp.o
[35/39] Linking CXX executable goblin_cannon_radio_receiver
[36/39] Building CXX object CMakeFiles/goblin_cannon_simulated_channel_probe.dir/tests/simulated_channel_probe.cpp.o
/tmp/goblin-cannon-recovery.gGnOAX/tests/simulated_channel_probe.cpp: In function ‘{anonymous}::Json {anonymous}::run_rf(const Arguments&)’:
/tmp/goblin-cannon-recovery.gGnOAX/tests/simulated_channel_probe.cpp:367:58: note: the ABI of passing structure with ‘complex float’ member has changed in GCC 4.4
  367 |   out.set("sample_clock_error_ppm",receiver.sync_estimate().sample_clock_error_ppm);
      |                                    ~~~~~~~~~~~~~~~~~~~~~~^~
[37/39] Linking CXX executable goblin_cannon_simulated_channel_probe
[38/39] Building CXX object CMakeFiles/goblin_cannon_tests.dir/tests/test_modem.cpp.o
[39/39] Linking CXX executable goblin_cannon_tests
