-- The CXX compiler identification is GNU 16.1.0
-- Detecting CXX compiler ABI info
-- Detecting CXX compiler ABI info - done
-- Check for working CXX compiler: /usr/local/bin/c++ - skipped
-- Detecting CXX compile features
-- Detecting CXX compile features - done
-- Found OpenSSL: /usr/lib/x86_64-linux-gnu/libcrypto.so (found version "3.5.5") found components: Crypto
-- Found Protobuf: /usr/lib/x86_64-linux-gnu/libprotobuf.so (found version "3.21.12")
-- Found ZLIB: /usr/lib/x86_64-linux-gnu/libz.so (found version "1.3.1")
-- Found c-ares: /usr/lib/x86_64-linux-gnu/cmake/c-ares/c-ares-config.cmake (found version "1.34.6")
-- Found Threads: TRUE
-- Found PkgConfig: /usr/bin/pkg-config (found version "2.5.1")
-- Found RE2 via pkg-config.
-- Performing Test GOBLIN_CANNON_COMPILER_HAS_AVX
-- Performing Test GOBLIN_CANNON_COMPILER_HAS_AVX - Success
-- Performing Test GOBLIN_CANNON_COMPILER_HAS_AVX2_FMA
-- Performing Test GOBLIN_CANNON_COMPILER_HAS_AVX2_FMA - Success
-- Performing Test GOBLIN_CANNON_COMPILER_HAS_AVX512
-- Performing Test GOBLIN_CANNON_COMPILER_HAS_AVX512 - Success
-- goblin_cannon: library baseline -mavx, runtime dispatch to AVX2/AVX-512 demappers
-- Found Python3: /usr/bin/python3 (found suitable version "3.14.4", minimum required is "3.11") found components: Interpreter
-- Configuring done (1.1s)
-- Generating done (0.0s)
-- Build files have been written to: /tmp/goblin-cannon-recovery.gGnOAX/build
