simulated channel task patch reproduction
patching file CMakeLists.txt
patching file TESTING.md
patching file 'examples/local_node.cpp'
patching file 'examples/radio_receiver.cpp'
patching file 'examples/radio_sender.cpp'
patching file 'include/goblin_cannon/client_udp.hpp'
patching file 'include/goblin_cannon/control_server.hpp'
patching file 'include/goblin_cannon/message_stream.hpp'
patching file 'include/goblin_cannon/modem.hpp'
patching file 'include/goblin_cannon/rf_stream.hpp'
patching file 'include/goblin_cannon/ring_buffer.hpp'
patching file 'proto/goblin_cannon/control/v1/receiver_control.proto'
patching file 'scripts/configure_local_radios.py'
patching file 'src/client_udp.cpp'
patching file 'src/control_server.cpp'
patching file 'src/message_stream.cpp'
patching file 'src/modem.cpp'
patching file 'src/rf_equalizer.hpp'
patching file 'src/rf_stream.cpp'
patching file 'tests/README.md'
patching file 'tests/simulated_channel/QUESTIONS.md'
patching file 'tests/simulated_channel/catalog.py'
patching file 'tests/simulated_channel/expected_failures.json'
patching file 'tests/simulated_channel/metrics.py'
patching file 'tests/simulated_channel/run.py'
patching file 'tests/simulated_channel/test_harness.py'
patching file 'tests/simulated_channel_probe.cpp'
patching file 'tests/test_channel.cpp'
patching file 'tests/test_data_path.cpp'
patching file 'tests/test_modem.cpp'
