simulated channel: 9077 cases, tier=full, jobs=4
simulated channel: 4/9077 A9_dropout_300s fail
simulated channel: 14/9077 A9_dropout_30s fail
simulated channel: 15/9077 A9_dropout_2s fail
simulated channel: 50/9077 A1_10000_qpsk_1-2_mid_lat_quiet_4dB characterized
simulated channel: 100/9077 A1_10000_qpsk_1-2_high_lat_quiet_8dB characterized
simulated channel: 150/9077 A1_10000_qpsk_1-2_low_lat_disturbed_6dB characterized
simulated channel: 200/9077 A1_10000_qpsk_2-3_mid_lat_quiet_10dB characterized
simulated channel: 250/9077 A1_10000_qpsk_2-3_high_lat_quiet_14dB characterized
simulated channel: 300/9077 A1_10000_qpsk_2-3_low_lat_disturbed_18dB characterized
simulated channel: 350/9077 A1_10000_qpsk_3-4_mid_lat_quiet_22dB characterized
simulated channel: 400/9077 A1_10000_qpsk_3-4_high_lat_quiet_26dB characterized
simulated channel: 450/9077 A1_10000_qpsk_3-4_low_lat_disturbed_30dB characterized
simulated channel: 500/9077 A1_10000_8psk_1-2_mid_lat_moderate_2dB characterized
simulated channel: 550/9077 A1_10000_8psk_1-2_high_lat_moderate_6dB characterized
simulated channel: 600/9077 A1_10000_8psk_2-3_ccir_good_10dB characterized
simulated channel: 650/9077 A1_10000_8psk_2-3_mid_lat_moderate_14dB characterized
simulated channel: 700/9077 A1_10000_8psk_2-3_high_lat_moderate_18dB characterized
simulated channel: 750/9077 A1_10000_8psk_3-4_ccir_good_22dB characterized
simulated channel: 800/9077 A1_10000_8psk_3-4_mid_lat_moderate_26dB characterized
simulated channel: 850/9077 A1_10000_8psk_3-4_high_lat_moderate_30dB characterized
simulated channel: 900/9077 A1_10000_16qam_1-2_ccir_poor_2dB characterized
simulated channel: 950/9077 A1_10000_16qam_1-2_mid_lat_disturbed_6dB characterized
simulated channel: 1000/9077 A1_10000_16qam_1-2_high_lat_disturbed_10dB characterized
simulated channel: 1050/9077 A1_10000_16qam_2-3_ccir_poor_14dB characterized
simulated channel: 1100/9077 A1_10000_16qam_2-3_mid_lat_disturbed_22dB characterized
simulated channel: 1150/9077 A1_10000_16qam_2-3_high_lat_disturbed_22dB characterized
simulated channel: 1200/9077 A1_10000_16qam_3-4_ccir_poor_26dB characterized
simulated channel: 1250/9077 A1_10000_16qam_3-4_mid_lat_disturbed_30dB characterized
simulated channel: 1300/9077 A1_10000_16qam_3-4_low_lat_disturbed_2dB characterized
simulated channel: 1350/9077 A1_10000_64qam_1-2_mid_lat_quiet_4dB characterized
simulated channel: 1400/9077 A1_10000_64qam_1-2_high_lat_quiet_10dB characterized
simulated channel: 1450/9077 A1_10000_64qam_1-2_low_lat_disturbed_14dB characterized
simulated channel: 1500/9077 A1_10000_64qam_2-3_mid_lat_quiet_18dB characterized
simulated channel: 1550/9077 A1_10000_64qam_2-3_high_lat_quiet_20dB characterized
simulated channel: 1600/9077 A1_10000_64qam_2-3_low_lat_disturbed_26dB characterized
simulated channel: 1650/9077 A1_10000_64qam_3-4_mid_lat_quiet_30dB characterized
simulated channel: 1700/9077 A1_10000_64qam_3-4_high_lat_moderate_2dB characterized
simulated channel: 1750/9077 A1_10000_256qam_1-2_ccir_good_6dB characterized
simulated channel: 1800/9077 A1_10000_256qam_1-2_mid_lat_moderate_10dB characterized
simulated channel: 1850/9077 A1_10000_256qam_1-2_high_lat_moderate_14dB characterized
simulated channel: 1900/9077 A1_10000_256qam_2-3_ccir_good_18dB characterized
simulated channel: 1950/9077 A1_10000_256qam_2-3_mid_lat_moderate_22dB characterized
simulated channel: 2000/9077 A1_10000_256qam_2-3_high_lat_moderate_26dB characterized
simulated channel: 2050/9077 A1_10000_256qam_3-4_ccir_good_30dB characterized
simulated channel: 2100/9077 A1_10000_256qam_3-4_mid_lat_disturbed_2dB characterized
simulated channel: 2150/9077 A1_10000_256qam_3-4_high_lat_disturbed_6dB characterized
simulated channel: 2200/9077 A1_10000_1024qam_1-2_ccir_poor_10dB characterized
simulated channel: 2250/9077 A1_10000_1024qam_1-2_mid_lat_disturbed_14dB characterized
simulated channel: 2300/9077 A1_10000_1024qam_1-2_high_lat_disturbed_18dB characterized
simulated channel: 2350/9077 A1_10000_1024qam_2-3_ccir_poor_20dB characterized
simulated channel: 2400/9077 A1_10000_1024qam_2-3_mid_lat_disturbed_26dB characterized
simulated channel: 2450/9077 A1_10000_1024qam_2-3_high_lat_disturbed_28dB characterized
simulated channel: 2500/9077 A1_10000_1024qam_3-4_mid_lat_quiet_2dB characterized
simulated channel: 2550/9077 A1_10000_1024qam_3-4_high_lat_quiet_6dB characterized
simulated channel: 2600/9077 A1_10000_1024qam_3-4_low_lat_disturbed_10dB characterized
simulated channel: 2650/9077 A1_10000_16qci_1-2_mid_lat_quiet_14dB characterized
simulated channel: 2700/9077 A1_10000_16qci_1-2_high_lat_quiet_18dB characterized
simulated channel: 2750/9077 A1_10000_16qci_1-2_low_lat_disturbed_22dB characterized
simulated channel: 2800/9077 A1_10000_16qci_2-3_mid_lat_quiet_26dB characterized
simulated channel: 2850/9077 A1_10000_16qci_2-3_high_lat_quiet_28dB characterized
simulated channel: 2900/9077 A1_10000_16qci_3-4_ccir_good_2dB characterized
simulated channel: 2950/9077 A1_10000_16qci_3-4_mid_lat_moderate_6dB characterized
simulated channel: 3000/9077 A1_10000_16qci_3-4_high_lat_moderate_10dB characterized
simulated channel: 3050/9077 A1_10000_64qci_1-2_ccir_good_14dB characterized
simulated channel: 3100/9077 A1_10000_64qci_1-2_mid_lat_moderate_18dB characterized
simulated channel: 3150/9077 A1_10000_64qci_1-2_high_lat_moderate_22dB characterized
simulated channel: 3200/9077 A1_10000_64qci_2-3_ccir_good_26dB characterized
simulated channel: 3250/9077 A1_10000_64qci_2-3_mid_lat_moderate_30dB characterized
simulated channel: 3300/9077 A1_10000_64qci_2-3_high_lat_disturbed_2dB characterized
simulated channel: 3350/9077 A1_10000_64qci_3-4_ccir_poor_6dB characterized
simulated channel: 3400/9077 A1_10000_64qci_3-4_mid_lat_disturbed_10dB characterized
simulated channel: 3450/9077 A1_10000_64qci_3-4_high_lat_disturbed_14dB characterized
simulated channel: 3500/9077 A1_10000_256qci_1-2_ccir_poor_18dB characterized
simulated channel: 3550/9077 A1_10000_256qci_1-2_mid_lat_disturbed_22dB characterized
simulated channel: 3600/9077 A1_10000_256qci_1-2_high_lat_disturbed_26dB characterized
simulated channel: 3650/9077 A1_10000_256qci_2-3_ccir_poor_30dB characterized
simulated channel: 3700/9077 A1_10000_256qci_2-3_high_lat_quiet_2dB characterized
simulated channel: 3750/9077 A1_10000_256qci_2-3_low_lat_disturbed_6dB characterized
simulated channel: 3800/9077 A1_10000_256qci_3-4_mid_lat_quiet_10dB characterized
simulated channel: 3850/9077 A1_10000_256qci_3-4_high_lat_quiet_14dB characterized
simulated channel: 3900/9077 A1_10000_256qci_3-4_low_lat_disturbed_18dB characterized
simulated channel: 3950/9077 A1_10000_1024qci_1-2_mid_lat_quiet_22dB characterized
simulated channel: 4000/9077 A1_10000_1024qci_1-2_high_lat_quiet_26dB characterized
simulated channel: 4050/9077 A1_10000_1024qci_1-2_low_lat_disturbed_30dB characterized
simulated channel: 4100/9077 A1_10000_1024qci_2-3_mid_lat_moderate_2dB characterized
simulated channel: 4150/9077 A1_10000_1024qci_2-3_high_lat_moderate_6dB characterized
simulated channel: 4200/9077 A1_10000_1024qci_3-4_ccir_good_10dB characterized
simulated channel: 4250/9077 A1_10000_1024qci_3-4_mid_lat_moderate_14dB characterized
simulated channel: 4300/9077 A1_10000_1024qci_3-4_high_lat_moderate_18dB characterized
simulated channel: 4350/9077 A1_24000_qpsk_1-2_ccir_good_22dB characterized
simulated channel: 4400/9077 A1_24000_qpsk_1-2_mid_lat_moderate_26dB characterized
simulated channel: 4450/9077 A1_24000_qpsk_1-2_high_lat_moderate_30dB characterized
simulated channel: 4500/9077 A1_24000_qpsk_2-3_ccir_poor_2dB characterized
simulated channel: 4550/9077 A1_24000_qpsk_2-3_mid_lat_disturbed_6dB characterized
simulated channel: 4600/9077 A1_24000_qpsk_2-3_high_lat_disturbed_10dB characterized
simulated channel: 4650/9077 A1_24000_qpsk_3-4_ccir_poor_14dB characterized
simulated channel: 4700/9077 A1_24000_qpsk_3-4_mid_lat_disturbed_18dB characterized
simulated channel: 4750/9077 A1_24000_qpsk_3-4_high_lat_disturbed_22dB characterized
simulated channel: 4800/9077 A1_24000_8psk_1-2_ccir_poor_26dB characterized
simulated channel: 4850/9077 A1_24000_8psk_1-2_mid_lat_disturbed_30dB characterized
simulated channel: 4900/9077 A1_24000_8psk_1-2_low_lat_disturbed_2dB characterized
simulated channel: 4950/9077 A1_24000_8psk_2-3_mid_lat_quiet_6dB characterized
simulated channel: 5000/9077 A1_24000_8psk_2-3_high_lat_quiet_10dB characterized
simulated channel: 5050/9077 A1_24000_8psk_2-3_low_lat_disturbed_14dB characterized
simulated channel: 5100/9077 A1_24000_8psk_3-4_mid_lat_quiet_18dB characterized
simulated channel: 5150/9077 A1_24000_8psk_3-4_high_lat_quiet_22dB characterized
simulated channel: 5200/9077 A1_24000_8psk_3-4_low_lat_disturbed_26dB characterized
simulated channel: 5250/9077 A1_24000_16qam_1-2_mid_lat_quiet_30dB characterized
simulated channel: 5300/9077 A1_24000_16qam_1-2_high_lat_moderate_2dB characterized
simulated channel: 5350/9077 A1_24000_16qam_2-3_ccir_good_6dB characterized
simulated channel: 5400/9077 A1_24000_16qam_2-3_mid_lat_moderate_10dB characterized
simulated channel: 5450/9077 A1_24000_16qam_2-3_high_lat_moderate_14dB characterized
simulated channel: 5500/9077 A1_24000_16qam_3-4_ccir_good_18dB characterized
simulated channel: 5550/9077 A1_24000_16qam_3-4_mid_lat_moderate_22dB characterized
simulated channel: 5600/9077 A1_24000_16qam_3-4_high_lat_moderate_26dB characterized
simulated channel: 5650/9077 A1_24000_64qam_1-2_ccir_good_30dB characterized
simulated channel: 5700/9077 A1_24000_64qam_1-2_mid_lat_disturbed_2dB characterized
simulated channel: 5750/9077 A1_24000_64qam_1-2_high_lat_disturbed_6dB characterized
simulated channel: 5800/9077 A1_24000_64qam_2-3_ccir_poor_10dB characterized
simulated channel: 5850/9077 A1_24000_64qam_2-3_mid_lat_disturbed_14dB characterized
simulated channel: 5900/9077 A1_24000_64qam_2-3_high_lat_disturbed_18dB characterized
simulated channel: 5950/9077 A1_24000_64qam_3-4_ccir_poor_22dB characterized
simulated channel: 6000/9077 A1_24000_64qam_3-4_mid_lat_disturbed_26dB characterized
simulated channel: 6050/9077 A1_24000_64qam_3-4_low_lat_disturbed_0dB characterized
simulated channel: 6100/9077 A1_24000_256qam_1-2_mid_lat_quiet_2dB characterized
simulated channel: 6150/9077 A1_24000_256qam_1-2_high_lat_quiet_6dB characterized
simulated channel: 6200/9077 A1_24000_256qam_1-2_low_lat_disturbed_10dB characterized
simulated channel: 6250/9077 A1_24000_256qam_2-3_mid_lat_quiet_14dB characterized
simulated channel: 6300/9077 A1_24000_256qam_2-3_high_lat_quiet_18dB characterized
simulated channel: 6350/9077 A1_24000_256qam_2-3_low_lat_disturbed_22dB characterized
simulated channel: 6400/9077 A1_24000_256qam_3-4_mid_lat_quiet_26dB characterized
simulated channel: 6450/9077 A1_24000_256qam_3-4_high_lat_quiet_30dB characterized
simulated channel: 6500/9077 A1_24000_1024qam_1-2_ccir_good_2dB characterized
simulated channel: 6550/9077 A1_24000_1024qam_1-2_mid_lat_moderate_6dB characterized
simulated channel: 6600/9077 A1_24000_1024qam_1-2_high_lat_moderate_10dB characterized
simulated channel: 6650/9077 A1_24000_1024qam_2-3_ccir_good_14dB characterized
simulated channel: 6700/9077 A1_24000_1024qam_2-3_mid_lat_moderate_18dB characterized
simulated channel: 6750/9077 A1_24000_1024qam_2-3_high_lat_moderate_22dB characterized
simulated channel: 6800/9077 A1_24000_1024qam_3-4_ccir_good_26dB characterized
simulated channel: 6850/9077 A1_24000_1024qam_3-4_mid_lat_moderate_30dB characterized
simulated channel: 6900/9077 A1_24000_1024qam_3-4_high_lat_disturbed_2dB characterized
simulated channel: 6950/9077 A1_24000_16qci_1-2_ccir_poor_6dB characterized
simulated channel: 7000/9077 A1_24000_16qci_1-2_mid_lat_disturbed_10dB characterized
simulated channel: 7050/9077 A1_24000_16qci_1-2_high_lat_disturbed_14dB characterized
simulated channel: 7100/9077 A1_24000_16qci_2-3_ccir_poor_18dB characterized
simulated channel: 7150/9077 A1_24000_16qci_2-3_mid_lat_disturbed_24dB characterized
simulated channel: 7200/9077 A1_24000_16qci_2-3_high_lat_disturbed_26dB characterized
simulated channel: 7250/9077 A1_24000_16qci_3-4_ccir_poor_30dB characterized
simulated channel: 7300/9077 A1_24000_16qci_3-4_high_lat_quiet_2dB characterized
simulated channel: 7350/9077 A1_24000_16qci_3-4_low_lat_disturbed_6dB characterized
simulated channel: 7400/9077 A1_24000_64qci_1-2_mid_lat_quiet_10dB characterized
simulated channel: 7450/9077 A1_24000_64qci_1-2_high_lat_quiet_14dB characterized
simulated channel: 7500/9077 A1_24000_64qci_1-2_low_lat_disturbed_18dB characterized
simulated channel: 7550/9077 A1_24000_64qci_2-3_mid_lat_quiet_22dB characterized
simulated channel: 7600/9077 A1_24000_64qci_2-3_high_lat_quiet_26dB characterized
simulated channel: 7650/9077 A1_24000_64qci_3-4_ccir_good_0dB characterized
simulated channel: 7700/9077 A1_24000_64qci_3-4_mid_lat_moderate_2dB characterized
simulated channel: 7750/9077 A1_24000_64qci_3-4_high_lat_moderate_6dB characterized
simulated channel: 7800/9077 A1_24000_256qci_1-2_ccir_good_10dB characterized
simulated channel: 7850/9077 A1_24000_256qci_1-2_mid_lat_moderate_14dB characterized
simulated channel: 7900/9077 A1_24000_256qci_1-2_high_lat_moderate_18dB characterized
simulated channel: 7950/9077 A1_24000_256qci_2-3_ccir_good_22dB characterized
simulated channel: 8000/9077 A1_24000_256qci_2-3_mid_lat_moderate_26dB characterized
simulated channel: 8050/9077 A1_24000_256qci_2-3_high_lat_moderate_30dB characterized
simulated channel: 8100/9077 A1_24000_256qci_3-4_ccir_poor_2dB characterized
simulated channel: 8150/9077 A1_24000_256qci_3-4_mid_lat_disturbed_6dB characterized
simulated channel: 8200/9077 A1_24000_256qci_3-4_high_lat_disturbed_10dB characterized
simulated channel: 8250/9077 A1_24000_1024qci_1-2_ccir_poor_14dB characterized
simulated channel: 8300/9077 A1_24000_1024qci_1-2_mid_lat_disturbed_18dB characterized
simulated channel: 8350/9077 A1_24000_1024qci_1-2_high_lat_disturbed_22dB characterized
simulated channel: 8400/9077 A1_24000_1024qci_2-3_ccir_poor_26dB characterized
simulated channel: 8450/9077 A1_24000_1024qci_2-3_mid_lat_disturbed_30dB characterized
simulated channel: 8500/9077 A1_24000_1024qci_2-3_low_lat_disturbed_2dB characterized
simulated channel: 8550/9077 A1_24000_1024qci_3-4_mid_lat_quiet_6dB characterized
simulated channel: 8600/9077 A1_24000_1024qci_3-4_high_lat_quiet_10dB characterized
simulated channel: 8650/9077 A1_24000_1024qci_3-4_low_lat_disturbed_14dB characterized
simulated channel: 8700/9077 A3_64qam_0.5Hz characterized
simulated channel: 8750/9077 A2_polar_24000_16qam_high_lat_quiet_causal characterized
simulated channel: 8800/9077 A5_qpsk_2000_20_11000 characterized
simulated channel: 8850/9077 A5_64qam_4000_20_0 characterized
simulated channel: 8900/9077 A6_1ms_100Hz_30dB characterized
simulated channel: 8950/9077 A7_64qam_-6000Hz_20dB characterized
simulated channel: 9000/9077 A7_64qam_2000Hz_10dB characterized
simulated channel: 9050/9077 A7_16qam_10000Hz_0dB characterized
simulated channel: 9077/9077 A8_cochannel_-10dB xfail
simulated channel: 1124.676s {'THRESHOLD_TBD': 3, 'fail': 3, 'characterized': 9060, 'pending_analysis': 4, 'unavailable': 2, 'xfail': 5}; results-final/SUMMARY.md
